09:13:22 **** Incremental Build of configuration Debug for project STM32F411RE ****
make -j12 all 
arm-none-eabi-gcc "../Core/Src/main.c" -mcpu=cortex-m4 -std=gnu11 -g3 -DDEBUG -DUSE_HAL_DRIVER -DSTM32F411xE -c -I../Core/Inc -I../Drivers/STM32F4xx_HAL_Driver/Inc -I../Drivers/STM32F4xx_HAL_Driver/Inc/Legacy -I../Drivers/CMSIS/Device/ST/STM32F4xx/Include -I../Drivers/CMSIS/Include -O0 -ffunction-sections -fdata-sections -Wall -fstack-usage -fcyclomatic-complexity -MMD -MP -MF"Core/Src/main.d" -MT"Core/Src/main.o" --specs=nano.specs -mfpu=fpv4-sp-d16 -mfloat-abi=hard -mthumb -o "Core/Src/main.o"
arm-none-eabi-gcc -o "STM32F411RE.elf" @"objects.list"   -mcpu=cortex-m4 -T"C:\Users\DELL\Downloads\ELT3240_Final_Project\STM32F411RE\STM32F411RETX_FLASH.ld" --specs=nosys.specs -Wl,-Map="STM32F411RE.map" -Wl,--gc-sections -static --specs=nano.specs -mfpu=fpv4-sp-d16 -mfloat-abi=hard -mthumb -Wl,--start-group -lc -lm -Wl,--end-group
Finished building target: STM32F411RE.elf
 
arm-none-eabi-size  STM32F411RE.elf 
arm-none-eabi-objdump -h -S STM32F411RE.elf  > "STM32F411RE.list"
   text	   data	    bss	    dec	    hex	filename
   9508	     96	   1952	  11556	   2d24	STM32F411RE.elf
Finished building: default.size.stdout
 
Finished building: STM32F411RE.list
 

09:13:23 Build Finished. 0 errors, 0 warnings. (took 610ms)

